// Jest Snapshot v1, https://goo.gl/fbAQLP

exports[`AuditEventsExportButton component Audit Events CSV export button matches the snapshot 1`] = `
<div>
  <gl-button-stub
    category="primary"
    href="http://example.com/audit_log_reports.csv?created_after=2020-12-12"
    icon="export"
    size="medium"
    variant="default"
  >
    
    Current view
  
  </gl-button-stub>
   
  <gl-tooltip-stub
    boundary="viewport"
    placement="top"
    target="[object Object]"
  >
    <p
      class="gl-my-0"
    >
      Export as CSV
    </p>
     
    <p
      class="gl-my-0"
    >
      (max size 15 MB)
    </p>
  </gl-tooltip-stub>
</div>
`;
